<?xml version="1.0" encoding="UTF-8"?>
<testsuites name="jest tests" tests="13" failures="0" errors="0" time="2.746">
  <testsuite name="test/first.test.js" errors="0" failures="0" skipped="0" timestamp="2025-10-08T10:48:50" time="1.104" tests="1">
    <testcase classname="addition" name="adds numbers correctly" time="0.015">
    </testcase>
  </testsuite>
  <testsuite name="test/app.test.js" errors="0" failures="0" skipped="0" timestamp="2025-10-08T10:48:50" time="1.361" tests="12">
    <testcase classname="Modern Valuation App Test Suite Application Configuration" name="should have a valid Shopify app configuration" time="0.01">
    </testcase>
    <testcase classname="Modern Valuation App Test Suite Application Configuration" name="should have required environment variables" time="0">
    </testcase>
    <testcase classname="Modern Valuation App Test Suite Database Interactions" name="should connect to the database" time="0.07">
    </testcase>
    <testcase classname="Modern Valuation App Test Suite Database Interactions" name="should have a session table with correct schema" time="0.006">
    </testcase>
    <testcase classname="Modern Valuation App Test Suite Routes and Navigation Index Route Loader" name="should call loader with mock request" time="0.008">
    </testcase>
    <testcase classname="Modern Valuation App Test Suite Routes and Navigation Index Route Loader" name="should return showForm based on login availability" time="0.004">
    </testcase>
    <testcase classname="Modern Valuation App Test Suite Routes and Navigation" name="should have an authentication route" time="0.002">
    </testcase>
    <testcase classname="Modern Valuation App Test Suite Webhook Handling" name="should have a webhook route for app scopes update" time="0.002">
    </testcase>
    <testcase classname="Modern Valuation App Test Suite Build and Deployment" name="should have a valid package.json with required scripts" time="0.009">
    </testcase>
    <testcase classname="Modern Valuation App Test Suite Build and Deployment" name="should have correct Node.js engine requirement" time="0.002">
    </testcase>
    <testcase classname="Modern Valuation App Test Suite Prisma Schema Validation" name="should have a valid Prisma schema file" time="0.002">
    </testcase>
    <testcase classname="Modern Valuation App Test Suite Prisma Schema Validation" name="should have a Session model with correct fields" time="0.005">
    </testcase>
  </testsuite>
</testsuites>